// Jest Snapshot v1, https://goo.gl/fbAQLP

exports[`<BeerContainer /> should render with props 1`] = `
<Beer
  beer={Object {}}
  loadingBeer={true}
  setLoadingBeer={[Function]}
/>
`;
