// Jest Snapshot v1, https://goo.gl/fbAQLP

exports[`<Header /> should render component 1`] = `
<header>
  <div
    className="container"
  >
    <div
      className="row"
    >
      <div
        className="col-lg-12"
      >
        <img
          className="img-responsive logo-academy"
          role="presentation"
          src="/public/img/logo.png"
        />
        <div
          className="intro-text"
        >
          <span
            className="name"
          >
            Tinder Beer
          </span>
          <hr
            className="star-light"
          />
        </div>
      </div>
    </div>
  </div>
</header>
`;
