// Jest Snapshot v1, https://goo.gl/fbAQLP

exports[`<Main /> should render 1`] = `
<div
  id="page-wrap"
>
  <Menu
    isOpen={true}
    pageWrapId="page-wrap"
    toggleMenu={[Function]}
  />
  <nav
    className="navbar navbar-default navbar-fixed-top navbar-custom"
  >
    <div
      className="container"
    >
      <div
        className="navbar-header"
      >
        <a
          className="navbar-brand"
          href="https://leanjs.com"
          rel="noopener noreferrer"
          target="_blank"
        >
          LeanJS
        </a>
      </div>
      <ul
        className="nav navbar-nav pull-right"
      >
        <li>
          <button
            className="btn btn-lg btn-outline"
            onClick={[Function]}
          >
            <i
              className="fa fa-heart"
            />
          </button>
        </li>
      </ul>
    </div>
  </nav>
  <Header />
  <section
    id="beers"
  >
    <div
      className="container"
    >
      <Connect(TinderContainer) />
    </div>
  </section>
  <footer
    className="text-center"
  >
    <div
      className="footer-above"
    >
      <div
        className="container"
      >
        <div
          className="row"
        >
          <div
            className="footer-col col-md-4"
          >
            <h3>
              Main Location
            </h3>
            <p>
              <span>
                1 Fore Stree
              </span>
              <br />
              <span>
                London, EC2Y 5EJ
              </span>
              <br />
              <span
                className="fa fa-map-marker"
              />
              <a
                href="https://leanjs.com/training/react-redux-graphql-london"
                rel="noopener noreferrer"
                target="_blank"
              >
                 Other Locations 
              </a>
            </p>
          </div>
          <div
            className="footer-col col-md-4"
          >
            <h3>
              Around the Web
            </h3>
            <ul
              className="list-inline"
            >
              <li>
                <a
                  className="btn-social btn-outline"
                  href="https://github.com/leanjscom"
                  rel="noopener noreferrer"
                  target="_blank"
                >
                  <i
                    className="fa fa-fw fa-github"
                  />
                </a>
              </li>
              <li>
                <a
                  className="btn-social btn-outline"
                  href="https://twitter.com/leanjscom"
                  rel="noopener noreferrer"
                  target="_blank"
                >
                  <i
                    className="fa fa-fw fa-twitter"
                  />
                </a>
              </li>
              <li>
                <a
                  className="btn-social btn-outline"
                  href="https://www.instagram.com/leanjscom/"
                  rel="noopener noreferrer"
                  target="_blank"
                >
                  <i
                    className="fa fa-fw fa-instagram"
                  />
                </a>
              </li>
            </ul>
          </div>
          <div
            className="footer-col col-md-4"
          >
            <h3>
              About LeanJS
            </h3>
            <p>
              <a
                href="https://leanjs.com/"
                rel="noopener noreferrer"
                target="_blank"
              >
                LeanJS 
              </a>
              <span>
                is a boutique of excellence focused on Lean, JavaScript, UX, Agile, and people.
              </span>
            </p>
          </div>
        </div>
      </div>
    </div>
    <div
      className="footer-below"
    >
      <div
        className="container"
      >
        <div
          className="row"
        >
          <div
            className="col-lg-12"
          >
            <span>
              Copyright Â©
            </span>
             
            <a
              href="https://leanjs.com/"
              rel="noopener noreferrer"
              target="_blank"
            >
              LeanJS
            </a>
          </div>
        </div>
      </div>
    </div>
  </footer>
</div>
`;
