// Jest Snapshot v1, https://goo.gl/fbAQLP

exports[`<Beer /> should render with props 1`] = `
<div>
  <div
    className="container"
  >
    <div
      className="row"
    >
      <div
        className="col-sm-4"
      />
      <div
        className="col-sm-4 text-center beer-col"
      >
        <div
          className="beer-img"
        >
          <img
            className="img-responsive"
            height="autopx"
            name="beerImg"
            onError={[Function]}
            onLoad={[Function]}
            role="presentation"
            style={
              Object {
                "color": "red",
                "height": "auto",
              }
            }
          />
        </div>
        <h3
          className="beer_title"
          name="beerTitle"
        />
      </div>
      <div
        className="col-sm-4 hidden-xs hidden-sm"
      >
        <BeerAttributes
          beer={Object {}}
        />
      </div>
    </div>
  </div>
</div>
`;
