// Jest Snapshot v1, https://goo.gl/fbAQLP

exports[`<Tinder /> should render component with props 1`] = `
<div>
  <BeerContainer
    beer={Object {}}
    counterAnimation=""
  />
  <Actions
    dislike={[Function]}
    like={[Function]}
  />
</div>
`;
